C51 COMPILER V9.52.0.0   IIC                                                               02/11/2015 17:34:03 PAGE 1   


C51 COMPILER V9.52.0.0, COMPILATION OF MODULE IIC
OBJECT MODULE PLACED IN iic.OBJ
COMPILER INVOKED BY: C:\Keil\C51\BIN\C51.EXE iic.c LARGE BROWSE DEBUG OBJECTEXTEND TABS(2)

line level    source

   1          #include "iic.h"
   2          #include "myfun.h"
   3          
   4          
   5          /******************************************************************
   6           - 功能描述：IIC启动
   7           - 隶属模块：IIC模块
   8           - 函数属性：外部，供用户使用
   9           - 参数说明：无      
  10           - 返回说明：无
  11           - 注：无
  12           ******************************************************************/
  13          
  14          void IIC_Start() 
  15          {
  16   1       SDA=1;
  17   1       delay(DelayTime); 
  18   1       SCL=1; 
  19   1       delay(DelayTime);
  20   1       SDA=0; 
  21   1       delay(DelayTime);
  22   1       SCL=0;
  23   1       delay(DelayTime);
  24   1      }
  25          
  26          /******************************************************************
  27           - 功能描述：IIC结束
  28           - 隶属模块：IIC模块
  29           - 函数属性：外部，供用户使用
  30           - 参数说明：无      
  31           - 返回说明：无
  32           - 注：无
  33           ******************************************************************/
  34          
  35          void IIC_Stop()  
  36          {
  37   1       SDA=0; 
  38   1       delay(DelayTime);
  39   1       SCL=1;
  40   1       delay(DelayTime); 
  41   1       SDA=1;
  42   1       delay(DelayTime); 
  43   1       SCL=0;
  44   1       delay(DelayTime);
  45   1      }
  46          
  47          /*********************************************************************
  48           - 功能描述：主设备发出应答
  49           - 隶属模块：IIC模块
  50           - 函数属性：外部，供用户使用
  51           - 参数说明：无      
  52           - 返回说明：无
  53           - 注：主设备(比如单片机)，从从设备(比如PCF8563、AT24C64)读取字节后，如果
  54                 要继续读取，就要给从设备一个ACK(即所谓的“应答”，数据位SDA为0)
  55           *********************************************************************/
C51 COMPILER V9.52.0.0   IIC                                                               02/11/2015 17:34:03 PAGE 2   

  56          
  57          void IIC_Ack() 
  58          {
  59   1       SDA=0;
  60   1       delay(DelayTime); 
  61   1       SCL=1; 
  62   1       delay(DelayTime);
  63   1       SCL=0; 
  64   1       delay(DelayTime);
  65   1      }
  66          
  67          /*********************************************************************
  68           - 功能描述：主设备发出无应答
  69           - 隶属模块：IIC模块
  70           - 函数属性：外部，供用户使用
  71           - 参数说明：无      
  72           - 返回说明：无
  73           - 注：主设备(比如单片机)，从从设备(比如PCF8563、AT24C64)读取字节后，如果不再
  74                 进行读取，就要给从设备一个NACK(即所谓的“无应答”，数据位SDA为1)
  75           *********************************************************************/
  76          
  77          void IIC_NAck() 
  78          {
  79   1       SDA=1; 
  80   1       delay(DelayTime);
  81   1       SCL=1;
  82   1       delay(DelayTime); 
  83   1       SCL=0;
  84   1       delay(DelayTime);
  85   1      }
  86          
  87          /*********************************************************************
  88           - 功能描述：主设备检测从设备应答
  89           - 隶属模块：IIC模块
  90           - 函数属性：外部，供用户使用
  91           - 参数说明：无      
  92           - 返回说明：从设备的应答值
  93           - 注：主设备(比如单片机)，向从设备(比如PCF8563、AT24C64)写入字节后，要检测从
  94                 设备发出的应答，如果数据位SDA为0，说明向从设备成功写入了字节
  95           *********************************************************************/
  96          
  97          unsigned char IIC_Get_Ack() 
  98          {
  99   1       unsigned char Error;
 100   1       SDA=1;
 101   1       delay(DelayTime); 
 102   1       SCL=1; 
 103   1       delay(DelayTime);
 104   1       Error=SDA; 
 105   1       delay(DelayTime);
 106   1       SCL=0; 
 107   1       delay(DelayTime);
 108   1       return Error;
 109   1      }
 110          
 111          /*********************************************************************
 112           - 功能描述：主设备向从设备写入一字节
 113           - 隶属模块：IIC模块
 114           - 函数属性：外部，供用户使用
 115           - 参数说明：dat:将要写入的字节      
 116           - 返回说明：从设备的应答值
 117           - 注：向从设备写入一个字节，并返回从设备的应答值
C51 COMPILER V9.52.0.0   IIC                                                               02/11/2015 17:34:03 PAGE 3   

 118           *********************************************************************/
 119          
 120          unsigned char IIC_Write_Byte(unsigned char dat)
 121          {
 122   1       unsigned char i;
 123   1       for(i=0;i<8;i++)
 124   1       {
 125   2        SDA=((dat<<i)&0x80);  
 126   2        SCL=1; 
 127   2        delay(DelayTime); 
 128   2        SCL=0;
 129   2        delay(DelayTime);
 130   2       }
 131   1       return IIC_Get_Ack();
 132   1      }
 133          
 134          /*********************************************************************
 135           - 功能描述：主设备从从设备读取一字节
 136           - 隶属模块：IIC模块
 137           - 函数属性：外部，供用户使用
 138           - 参数说明：无     
 139           - 返回说明：读到的字节
 140           - 注：无
 141           *********************************************************************/
 142          
 143          unsigned char IIC_Read_Byte() 
 144          {
 145   1       unsigned char i,rbyte=0;
 146   1       SDA=1;
 147   1       for(i=0;i<8;i++)
 148   1       {
 149   2        SCL=1;
 150   2        delay(DelayTime);
 151   2        if(SDA) rbyte|=(0x80>>i); 
 152   2        SCL=0;
 153   2        delay(DelayTime);
 154   2       }
 155   1       return rbyte; 
 156   1      }


MODULE INFORMATION:   STATIC OVERLAYABLE
   CODE SIZE        =    315    ----
   CONSTANT SIZE    =   ----    ----
   XDATA SIZE       =   ----       5
   PDATA SIZE       =   ----    ----
   DATA SIZE        =   ----    ----
   IDATA SIZE       =   ----    ----
   BIT SIZE         =   ----    ----
END OF MODULE INFORMATION.


C51 COMPILATION COMPLETE.  0 WARNING(S),  0 ERROR(S)
