BL51 BANKED LINKER/LOCATER V6.22                                                        02/11/2015  17:34:04  PAGE 1


BL51 BANKED LINKER/LOCATER V6.22, INVOKED BY:
C:\KEIL\C51\BIN\BL51.EXE STARTUP.obj, delay.obj, main.obj, ssd1332.obj, iic.obj, myfun.obj, pcf8563.obj, uart.obj, PWM_S
>> OFT.obj TO OLED_DEMO RAMSIZE (256)


MEMORY MODEL: LARGE


INPUT MODULES INCLUDED:
  STARTUP.obj (?C_STARTUP)
  delay.obj (DELAY)
  main.obj (MAIN)
  ssd1332.obj (SSD1332)
  iic.obj (IIC)
  myfun.obj (MYFUN)
  pcf8563.obj (PCF8563)
  uart.obj (UART)
  PWM_SOFT.obj (PWM_SOFT)
  C:\KEIL\C51\LIB\C51L.LIB (?C_INIT)
  C:\KEIL\C51\LIB\C51L.LIB (?C?CLDPTR)
  C:\KEIL\C51\LIB\C51L.LIB (?C?CLDOPTR)
  C:\KEIL\C51\LIB\C51L.LIB (?C?CSTOPTR)
  C:\KEIL\C51\LIB\C51L.LIB (?C?IILDX)
  C:\KEIL\C51\LIB\C51L.LIB (?C?LMUL)
  C:\KEIL\C51\LIB\C51L.LIB (?C?ULDIV)
  C:\KEIL\C51\LIB\C51L.LIB (?C?LSTXDATA)
  C:\KEIL\C51\LIB\C51L.LIB (?C?LSTKXDATA)
  C:\KEIL\C51\LIB\C51L.LIB (STRLEN)


LINK MAP OF MODULE:  OLED_DEMO (?C_STARTUP)


            TYPE    BASE      LENGTH    RELOCATION   SEGMENT NAME
            -----------------------------------------------------

            * * * * * * *   D A T A   M E M O R Y   * * * * * * *
            REG     0000H     0008H     ABSOLUTE     "REG BANK 0"
            IDATA   0008H     0001H     UNIT         ?STACK

            * * * * * * *  X D A T A   M E M O R Y  * * * * * * *
            XDATA   0000H     001DH     UNIT         ?XD?_U32TOSTR?MYFUN
            XDATA   001DH     0014H     UNIT         ?XD?MAIN
            XDATA   0031H     0014H     UNIT         ?XD?_UART_PUT_NUM?UART
            XDATA   0045H     0011H     UNIT         _XDATA_GROUP_
            XDATA   0056H     000CH     UNIT         ?XD?_STRTOU32?MYFUN
            XDATA   0062H     0009H     UNIT         ?XD?_OLED_DRAW_IMG?SSD1332
            XDATA   006BH     0009H     UNIT         ?XD?_OLED_WRITE_CHINESE?SSD1332
            XDATA   0074H     0009H     UNIT         ?XD?PCF8563
            XDATA   007DH     0008H     UNIT         ?XD?_OLED_CIRCLE?SSD1332
            XDATA   0085H     0007H     UNIT         ?XD?_OLED_DRAW_LINE?SSD1332
            XDATA   008CH     0005H     UNIT         ?XD?_OLED_DOT?SSD1332
            XDATA   0091H     0005H     UNIT         ?XD?_UART_SEND_STR?UART
            XDATA   0096H     0004H     UNIT         ?XD?_UART_PUT_INF?UART
            XDATA   009AH     0004H     UNIT         ?XD?PWM_SOFT

            * * * * * * *   C O D E   M E M O R Y   * * * * * * *
            CODE    0000H     0003H     ABSOLUTE     
BL51 BANKED LINKER/LOCATER V6.22                                                      02/11/2015  17:34:04  PAGE 2


            CODE    0003H     0007H     UNIT         ?PR?SPI_INIT?SSD1332
                    000AH     0001H                  *** GAP ***
            CODE    000BH     0003H     ABSOLUTE     
            CODE    000EH     0015H     UNIT         ?PR?_DELAY_NUS?DELAY
            CODE    0023H     0003H     ABSOLUTE     
            CODE    0026H     239EH     UNIT         ?CO?MAIN
            CODE    23C4H     02CEH     UNIT         ?PR?MAIN?MAIN
            CODE    2692H     01DBH     UNIT         ?CO?SSD1332
            CODE    286DH     01D8H     UNIT         ?C?LIB_CODE
            CODE    2A45H     0135H     UNIT         ?PR?_OLED_CIRCLE?SSD1332
            CODE    2B7AH     012DH     UNIT         ?PR?OLED_INIT?SSD1332
            CODE    2CA7H     0101H     UNIT         ?PR?_U32TOSTR?MYFUN
            CODE    2DA8H     00D6H     UNIT         ?PR?_STRTOU32?MYFUN
            CODE    2E7EH     00C6H     UNIT         ?PR?_OLED_PUTSTRING?SSD1332
            CODE    2F44H     00AEH     UNIT         ?PR?_OLED_WRITE_CHINESE?SSD1332
            CODE    2FF2H     0099H     UNIT         ?PR?_PCF8563_READ_BYTES?PCF8563
            CODE    308BH     008CH     UNIT         ?C_C51STARTUP
            CODE    3117H     007DH     UNIT         ?PR?P8563_READ_TIME?PCF8563
            CODE    3194H     006FH     UNIT         ?PR?_OLED_DRAW_IMG?SSD1332
            CODE    3203H     006EH     UNIT         ?PR?_PCF8563_WRITE_BYTES?PCF8563
            CODE    3271H     006EH     UNIT         ?PR?_UART_SEND_STR?UART
            CODE    32DFH     006AH     UNIT         ?PR?TIMER0_ISR?PWM_SOFT
            CODE    3349H     0058H     UNIT         ?PR?_OLED_DOT?SSD1332
            CODE    33A1H     004CH     UNIT         ?PR?IIC_READ_BYTE?IIC
            CODE    33EDH     0049H     UNIT         ?PR?_OLED_DRAW_RECTANGLE?SSD1332
            CODE    3436H     0041H     UNIT         ?PR?_IIC_WRITE_BYTE?IIC
            CODE    3477H     0039H     UNIT         ?PR?_DISP_ALL?SSD1332
            CODE    34B0H     0034H     UNIT         ?PR?P8563_SET_TIME?PCF8563
            CODE    34E4H     0031H     UNIT         ?PR?_OLED_DRAW_LINE?SSD1332
            CODE    3515H     0030H     UNIT         ?PR?IIC_GET_ACK?IIC
            CODE    3545H     002BH     UNIT         ?C_INITSEG
            CODE    3570H     002BH     UNIT         ?PR?_WRITECOMMAND?SSD1332
            CODE    359BH     0024H     UNIT         ?PR?IIC_START?IIC
            CODE    35BFH     0024H     UNIT         ?PR?IIC_STOP?IIC
            CODE    35E3H     0023H     UNIT         ?PR?_UART_PUT_INF?UART
            CODE    3606H     001BH     UNIT         ?PR?IIC_ACK?IIC
            CODE    3621H     001BH     UNIT         ?PR?IIC_NACK?IIC
            CODE    363CH     0019H     UNIT         ?PR?_DELAY_NMS?DELAY
            CODE    3655H     0016H     UNIT         ?PR?TIMER0_INIT?PWM_SOFT
            CODE    366BH     0015H     UNIT         ?PR?_STRLEN?STRLEN
            CODE    3680H     0014H     UNIT         ?PR?ESBUSINI?SSD1332
            CODE    3694H     0013H     UNIT         ?PR?_VAL2BCD?PCF8563
            CODE    36A7H     0012H     UNIT         ?PR?UART_INIT?UART
            CODE    36B9H     0012H     UNIT         ?PR?_UART_PUT_NUM?UART
            CODE    36CBH     0011H     UNIT         ?PR?_WRITEDATA?SSD1332
            CODE    36DCH     000FH     UNIT         ?PR?_BCD2VAL?PCF8563
            CODE    36EBH     000EH     UNIT         ?PR?P8563_SET_DOWNCOUNTER?PCF8563
            CODE    36F9H     000EH     UNIT         ?PR?P8563_READ_DOWNCOUNTER?PCF8563
            CODE    3707H     000BH     UNIT         ?PR?_DELAY?MYFUN
            CODE    3712H     000AH     UNIT         ?PR?_UART_SEND_BYTE?UART
            CODE    371CH     000AH     UNIT         ?PR?UART_SEND_ENTER?UART
            CODE    3726H     0009H     UNIT         ?PR?DELAY_1MS?DELAY
            CODE    372FH     0005H     UNIT         ?PR?SIO_INT?UART
            CODE    3734H     0002H     UNIT         ?CO?UART



BL51 BANKED LINKER/LOCATER V6.22                                                      02/11/2015  17:34:04  PAGE 3


OVERLAY MAP OF MODULE:   OLED_DEMO (?C_STARTUP)


SEGMENT                                      XDATA_GROUP
  +--> CALLED SEGMENT                      START    LENGTH
----------------------------------------------------------
?C_C51STARTUP                              -----    -----
  +--> ?PR?MAIN?MAIN
  +--> ?C_INITSEG

?PR?MAIN?MAIN                              -----    -----
  +--> ?PR?TIMER0_INIT?PWM_SOFT
  +--> ?PR?OLED_INIT?SSD1332
  +--> ?PR?P8563_SET_TIME?PCF8563
  +--> ?PR?UART_INIT?UART
  +--> ?PR?_DISP_ALL?SSD1332
  +--> ?PR?P8563_READ_TIME?PCF8563
  +--> ?PR?_OLED_PUTSTRING?SSD1332
  +--> ?PR?_OLED_DRAW_RECTANGLE?SSD1332
  +--> ?PR?_DELAY_NMS?DELAY
  +--> ?CO?MAIN

?PR?OLED_INIT?SSD1332                      -----    -----
  +--> ?PR?ESBUSINI?SSD1332
  +--> ?PR?SPI_INIT?SSD1332
  +--> ?PR?_WRITECOMMAND?SSD1332

?PR?ESBUSINI?SSD1332                       -----    -----
  +--> ?PR?_DELAY_NMS?DELAY

?PR?_DELAY_NMS?DELAY                       -----    -----
  +--> ?PR?DELAY_1MS?DELAY

?PR?P8563_SET_TIME?PCF8563                 0045H    0007H
  +--> ?PR?_VAL2BCD?PCF8563
  +--> ?PR?_PCF8563_WRITE_BYTES?PCF8563

?PR?_PCF8563_WRITE_BYTES?PCF8563           004CH    0006H
  +--> ?PR?IIC_START?IIC
  +--> ?PR?_IIC_WRITE_BYTE?IIC
  +--> ?PR?IIC_STOP?IIC

?PR?IIC_START?IIC                          -----    -----
  +--> ?PR?_DELAY?MYFUN

?PR?_IIC_WRITE_BYTE?IIC                    0053H    0002H
  +--> ?PR?_DELAY?MYFUN
  +--> ?PR?IIC_GET_ACK?IIC

?PR?IIC_GET_ACK?IIC                        0055H    0001H
  +--> ?PR?_DELAY?MYFUN

?PR?IIC_STOP?IIC                           -----    -----
  +--> ?PR?_DELAY?MYFUN

?PR?_DISP_ALL?SSD1332                      -----    -----
  +--> ?PR?_WRITECOMMAND?SSD1332
BL51 BANKED LINKER/LOCATER V6.22                                                      02/11/2015  17:34:04  PAGE 4


  +--> ?PR?_WRITEDATA?SSD1332

?PR?P8563_READ_TIME?PCF8563                0045H    0007H
  +--> ?PR?_PCF8563_READ_BYTES?PCF8563
  +--> ?PR?_BCD2VAL?PCF8563

?PR?_PCF8563_READ_BYTES?PCF8563            004CH    0007H
  +--> ?PR?IIC_START?IIC
  +--> ?PR?_IIC_WRITE_BYTE?IIC
  +--> ?PR?IIC_READ_BYTE?IIC
  +--> ?PR?IIC_ACK?IIC
  +--> ?PR?IIC_NACK?IIC
  +--> ?PR?IIC_STOP?IIC

?PR?IIC_READ_BYTE?IIC                      0053H    0002H
  +--> ?PR?_DELAY?MYFUN

?PR?IIC_ACK?IIC                            -----    -----
  +--> ?PR?_DELAY?MYFUN

?PR?IIC_NACK?IIC                           -----    -----
  +--> ?PR?_DELAY?MYFUN

?PR?_OLED_PUTSTRING?SSD1332                0045H    0008H
  +--> ?PR?_WRITECOMMAND?SSD1332
  +--> ?PR?_WRITEDATA?SSD1332
  +--> ?CO?SSD1332

?PR?_OLED_DRAW_RECTANGLE?SSD1332           0045H    000AH
  +--> ?PR?_WRITECOMMAND?SSD1332



SYMBOL TABLE OF MODULE:  OLED_DEMO (?C_STARTUP)

  VALUE           TYPE          NAME
  ----------------------------------

  -------         MODULE        ?C_STARTUP
  C:308BH         SEGMENT       ?C_C51STARTUP
  I:0008H         SEGMENT       ?STACK
  C:0000H         PUBLIC        ?C_STARTUP
  D:00E0H         SYMBOL        ACC
  D:00F0H         SYMBOL        B
  D:0083H         SYMBOL        DPH
  D:0082H         SYMBOL        DPL
  N:0000H         SYMBOL        IBPSTACK
  N:0100H         SYMBOL        IBPSTACKTOP
  N:0080H         SYMBOL        IDATALEN
  C:308EH         SYMBOL        IDATALOOP
  N:0000H         SYMBOL        PBPSTACK
  N:0100H         SYMBOL        PBPSTACKTOP
  N:0000H         SYMBOL        PDATALEN
  N:0000H         SYMBOL        PDATASTART
  N:0000H         SYMBOL        PPAGE
  N:0000H         SYMBOL        PPAGEENABLE
  D:00A0H         SYMBOL        PPAGE_SFR
BL51 BANKED LINKER/LOCATER V6.22                                                      02/11/2015  17:34:04  PAGE 5


  D:0081H         SYMBOL        SP
  C:308BH         SYMBOL        STARTUP1
  N:0000H         SYMBOL        XBPSTACK
  N:0000H         SYMBOL        XBPSTACKTOP
  N:0000H         SYMBOL        XDATALEN
  N:0000H         SYMBOL        XDATASTART
  C:0000H         LINE#         126
  C:308BH         LINE#         133
  C:308DH         LINE#         134
  C:308EH         LINE#         135
  C:308FH         LINE#         136
  C:3091H         LINE#         185
  C:3094H         LINE#         196
  -------         ENDMOD        ?C_STARTUP

  -------         MODULE        DELAY
  C:0000H         SYMBOL        _ICE_DUMMY_
  D:0080H         PUBLIC        P0
  D:0090H         PUBLIC        P1
  D:00A0H         PUBLIC        P2
  D:00B0H         PUBLIC        P3
  D:00C0H         PUBLIC        P4
  C:3726H         PUBLIC        delay_1ms
  D:00C8H         PUBLIC        P5
  D:00A8H         PUBLIC        IE
  D:00B8H         PUBLIC        IP
  D:00D8H         PUBLIC        CCON
  D:0098H         PUBLIC        SCON
  D:0088H         PUBLIC        TCON
  C:363CH         PUBLIC        _delay_nms
  C:000EH         PUBLIC        _delay_nus
  D:00D0H         PUBLIC        PSW
  -------         PROC          DELAY_1MS
  -------         DO            
  D:0007H         SYMBOL        i
  D:0006H         SYMBOL        j
  -------         ENDDO         
  C:3726H         LINE#         4
  C:3726H         LINE#         5
  C:3726H         LINE#         8
  C:3728H         LINE#         9
  C:372AH         LINE#         11
  C:372AH         LINE#         12
  C:372CH         LINE#         13
  C:372EH         LINE#         14
  -------         ENDPROC       DELAY_1MS
  -------         PROC          _DELAY_NMS
  D:0004H         SYMBOL        n
  -------         DO            
  D:0002H         SYMBOL        i
  -------         ENDDO         
  C:363CH         LINE#         17
  C:3640H         LINE#         18
  C:3640H         LINE#         21
  C:364AH         LINE#         22
  C:364AH         LINE#         23
  C:364DH         LINE#         24
BL51 BANKED LINKER/LOCATER V6.22                                                      02/11/2015  17:34:04  PAGE 6


  C:3654H         LINE#         25
  -------         ENDPROC       _DELAY_NMS
  -------         PROC          _DELAY_NUS
  D:0006H         SYMBOL        n
  -------         DO            
  D:0004H         SYMBOL        i
  -------         ENDDO         
  C:000EH         LINE#         27
  C:000EH         LINE#         28
  C:000EH         LINE#         31
  C:0019H         LINE#         32
  C:0019H         LINE#         33
  C:001AH         LINE#         34
  C:001BH         LINE#         35
  C:0022H         LINE#         36
  -------         ENDPROC       _DELAY_NUS
  -------         ENDMOD        DELAY

  -------         MODULE        MAIN
  C:0000H         SYMBOL        _ICE_DUMMY_
  D:0080H         PUBLIC        P0
  D:0090H         PUBLIC        P1
  D:00A0H         PUBLIC        P2
  D:00B0H         PUBLIC        P3
  D:00C0H         PUBLIC        P4
  D:00C8H         PUBLIC        P5
  B:0080H.1       PUBLIC        KEY_B
  D:00A8H         PUBLIC        IE
  B:0080H.2       PUBLIC        KEY_G
  D:00B8H         PUBLIC        IP
  B:0080H.3       PUBLIC        KEY_R
  D:00D8H         PUBLIC        CCON
  C:23C4H         PUBLIC        main
  D:0098H         PUBLIC        SCON
  D:0088H         PUBLIC        TCON
  X:001DH         PUBLIC        date_arry
  X:0028H         PUBLIC        time_arry
  C:0044H         PUBLIC        gImage_1
  D:00D0H         PUBLIC        PSW
  -------         PROC          MAIN
  C:23C4H         LINE#         14
  C:23C4H         LINE#         15
  C:23C4H         LINE#         16
  C:23C7H         LINE#         17
  C:23CAH         LINE#         18
  C:23D0H         LINE#         19
  C:23D6H         LINE#         20
  C:23DCH         LINE#         21
  C:23E2H         LINE#         22
  C:23E8H         LINE#         23
  C:23EEH         LINE#         24
  C:23F4H         LINE#         25
  C:23F7H         LINE#         26
  C:23FAH         LINE#         27
  C:2400H         LINE#         30
  C:2400H         LINE#         31
  C:2400H         LINE#         32
BL51 BANKED LINKER/LOCATER V6.22                                                      02/11/2015  17:34:04  PAGE 7


  C:2403H         LINE#         33
  C:2412H         LINE#         34
  C:241DH         LINE#         35
  C:242CH         LINE#         36
  C:2437H         LINE#         37
  C:2446H         LINE#         38
  C:2451H         LINE#         39
  C:2454H         LINE#         41
  C:2463H         LINE#         42
  C:246EH         LINE#         43
  C:247DH         LINE#         44
  C:2488H         LINE#         45
  C:2497H         LINE#         46
  C:24A2H         LINE#         47
  C:24A5H         LINE#         49
  C:24C0H         LINE#         50
  C:24DBH         LINE#         52
  C:2501H         LINE#         53
  C:2508H         LINE#         54
  C:2529H         LINE#         55
  C:2530H         LINE#         57
  C:2557H         LINE#         58
  C:255EH         LINE#         59
  C:257FH         LINE#         60
  C:2586H         LINE#         62
  C:25ACH         LINE#         63
  C:25B3H         LINE#         64
  C:25D4H         LINE#         65
  C:25DBH         LINE#         67
  C:25F6H         LINE#         68
  C:2635H         LINE#         69
  C:2650H         LINE#         70
  C:2659H         LINE#         71
  C:2662H         LINE#         72
  C:266BH         LINE#         73
  C:2676H         LINE#         74
  C:2681H         LINE#         75
  C:268FH         LINE#         76
  -------         ENDPROC       MAIN
  -------         ENDMOD        MAIN

  -------         MODULE        SSD1332
  C:0000H         SYMBOL        _ICE_DUMMY_
  B:00A0H.1       PUBLIC        OLED_RST
  D:0080H         PUBLIC        P0
  D:0090H         PUBLIC        P1
  D:00A0H         PUBLIC        P2
  D:00B0H         PUBLIC        P3
  D:00C0H         PUBLIC        P4
  D:00C8H         PUBLIC        P5
  D:00CEH         PUBLIC        SPCTL
  C:36CBH         PUBLIC        _WriteData
  C:2692H         PUBLIC        ascii
  B:00A0H.0       PUBLIC        OLED_DC
  D:00A8H         PUBLIC        IE
  D:00B8H         PUBLIC        IP
  B:00C0H.0       PUBLIC        OLED_CS
BL51 BANKED LINKER/LOCATER V6.22                                                      02/11/2015  17:34:04  PAGE 8


  D:00D8H         PUBLIC        CCON
  D:0098H         PUBLIC        SCON
  D:0088H         PUBLIC        TCON
  C:2B7AH         PUBLIC        OLED_init
  C:34E4H         PUBLIC        _OLED_draw_line
  C:3477H         PUBLIC        _disp_all
  C:3366H         PUBLIC        _OLED_dot
  C:33EDH         PUBLIC        _OLED_draw_rectangle
  C:358AH         PUBLIC        _WriteCommand
  C:3194H         PUBLIC        _OLED_draw_img
  D:00CDH         PUBLIC        SPSTAT
  C:0003H         PUBLIC        SPI_Init
  C:3680H         PUBLIC        esbusini
  C:2F44H         PUBLIC        _OLED_write_chinese
  D:00D0H         PUBLIC        PSW
  C:2A45H         PUBLIC        _OLED_circle
  C:2E7EH         PUBLIC        _OLED_putstring
  D:00CFH         PUBLIC        SPDAT
  -------         PROC          SPI_INIT
  C:0003H         LINE#         10
  C:0003H         LINE#         11
  C:0003H         LINE#         12
  C:0006H         LINE#         13
  C:0009H         LINE#         14
  -------         ENDPROC       SPI_INIT
  C:3580H         SYMBOL        L?0065
  C:3585H         SYMBOL        L?0066
  -------         PROC          L?0064
  -------         ENDPROC       L?0064
  C:3580H         SYMBOL        L?0065
  C:3585H         SYMBOL        L?0066
  -------         PROC          _WRITECOMMAND
  D:0007H         SYMBOL        com
  C:358AH         LINE#         16
  C:358AH         LINE#         17
  C:358AH         LINE#         19
  C:358CH         LINE#         20
  C:358EH         LINE#         22
  C:3591H         LINE#         23
  C:3593H         LINE#         24
  C:3598H         LINE#         26
  C:359AH         LINE#         27
  -------         ENDPROC       _WRITECOMMAND
  -------         PROC          _WRITEDATA
  D:0007H         SYMBOL        dat
  C:36CBH         LINE#         29
  C:36CBH         LINE#         30
  C:36CBH         LINE#         33
  C:36CDH         LINE#         34
  C:36CFH         LINE#         36
  C:36D2H         LINE#         37
  C:36D4H         LINE#         38
  C:36D9H         LINE#         40
  C:36DBH         LINE#         42
  -------         ENDPROC       _WRITEDATA
  -------         PROC          ESBUSINI
  C:3680H         LINE#         44
BL51 BANKED LINKER/LOCATER V6.22                                                      02/11/2015  17:34:04  PAGE 9


  C:3680H         LINE#         45
  C:3680H         LINE#         46
  C:3682H         LINE#         47
  C:3684H         LINE#         48
  C:368BH         LINE#         49
  C:368DH         LINE#         50
  -------         ENDPROC       ESBUSINI
  -------         PROC          OLED_INIT
  C:2B7AH         LINE#         54
  C:2B7AH         LINE#         55
  C:2B7AH         LINE#         57
  C:2B7DH         LINE#         58
  C:2B80H         LINE#         59
  C:2B85H         LINE#         60
  C:2B8AH         LINE#         61
  C:2B8FH         LINE#         62
  C:2B94H         LINE#         63
  C:2B99H         LINE#         64
  C:2B9EH         LINE#         65
  C:2BA3H         LINE#         66
  C:2BA8H         LINE#         67
  C:2BADH         LINE#         68
  C:2BB2H         LINE#         70
  C:2BB7H         LINE#         72
  C:2BBCH         LINE#         74
  C:2BC1H         LINE#         75
  C:2BC6H         LINE#         76
  C:2BCBH         LINE#         78
  C:2BD0H         LINE#         79
  C:2BD5H         LINE#         81
  C:2BDAH         LINE#         83
  C:2BDFH         LINE#         84
  C:2BE4H         LINE#         85
  C:2BE9H         LINE#         86
  C:2BEEH         LINE#         87
  C:2BF3H         LINE#         88
  C:2BF8H         LINE#         89
  C:2BFDH         LINE#         90
  C:2C02H         LINE#         91
  C:2C07H         LINE#         92
  C:2C0CH         LINE#         93
  C:2C11H         LINE#         94
  C:2C16H         LINE#         95
  C:2C1BH         LINE#         96
  C:2C20H         LINE#         97
  C:2C25H         LINE#         98
  C:2C2AH         LINE#         99
  C:2C2FH         LINE#         100
  C:2C34H         LINE#         101
  C:2C39H         LINE#         102
  C:2C3EH         LINE#         103
  C:2C43H         LINE#         104
  C:2C48H         LINE#         105
  C:2C4DH         LINE#         106
  C:2C52H         LINE#         107
  C:2C57H         LINE#         108
  C:2C5CH         LINE#         109
BL51 BANKED LINKER/LOCATER V6.22                                                      02/11/2015  17:34:04  PAGE 10


  C:2C61H         LINE#         110
  C:2C66H         LINE#         111
  C:2C6BH         LINE#         112
  C:2C70H         LINE#         113
  C:2C75H         LINE#         114
  C:2C7AH         LINE#         115
  C:2C7FH         LINE#         117
  C:2C84H         LINE#         118
  C:2C89H         LINE#         119
  C:2C8EH         LINE#         120
  C:2C93H         LINE#         121
  C:2C98H         LINE#         122
  C:2C9DH         LINE#         124
  C:2CA2H         LINE#         125
  -------         ENDPROC       OLED_INIT
  -------         PROC          _DISP_ALL
  D:0006H         SYMBOL        data1
  D:0005H         SYMBOL        data2
  -------         DO            
  D:0004H         SYMBOL        ii
  D:0003H         SYMBOL        jj
  -------         ENDDO         
  C:3477H         LINE#         128
  C:3479H         LINE#         129
  C:3479H         LINE#         131
  C:347EH         LINE#         132
  C:3483H         LINE#         133
  C:3488H         LINE#         134
  C:348DH         LINE#         135
  C:3492H         LINE#         136
  C:3497H         LINE#         137
  C:3499H         LINE#         138
  C:3499H         LINE#         139
  C:349BH         LINE#         140
  C:349BH         LINE#         141
  C:34A0H         LINE#         142
  C:34A5H         LINE#         143
  C:34AAH         LINE#         144
  C:34AFH         LINE#         145
  -------         ENDPROC       _DISP_ALL
  C:3349H         SYMBOL        L?0061
  C:334EH         SYMBOL        L?0062
  C:3352H         SYMBOL        L?0063
  -------         PROC          L?0060
  -------         ENDPROC       L?0060
  C:3349H         SYMBOL        L?0061
  C:334EH         SYMBOL        L?0062
  C:3352H         SYMBOL        L?0063
  -------         PROC          _OLED_DOT
  D:0006H         SYMBOL        x
  D:0005H         SYMBOL        y
  D:0003H         SYMBOL        R
  X:008FH         SYMBOL        G
  X:0090H         SYMBOL        B
  C:3366H         LINE#         147
  C:3368H         LINE#         148
  C:3368H         LINE#         149
BL51 BANKED LINKER/LOCATER V6.22                                                      02/11/2015  17:34:04  PAGE 11


  C:336DH         LINE#         150
  C:3372H         LINE#         151
  C:3375H         LINE#         152
  C:3375H         LINE#         153
  C:3378H         LINE#         154
  C:337EH         LINE#         155
  C:3397H         LINE#         156
  -------         ENDPROC       _OLED_DOT
  -------         PROC          _OLED_CIRCLE
  X:007DH         SYMBOL        X
  X:007EH         SYMBOL        Y
  D:0003H         SYMBOL        R
  X:0080H         SYMBOL        R1
  X:0081H         SYMBOL        G1
  X:0082H         SYMBOL        B1
  -------         DO            
  D:0004H         SYMBOL        a
  D:0001H         SYMBOL        b
  X:0083H         SYMBOL        c
  -------         ENDDO         
  C:2A45H         LINE#         159
  C:2A4DH         LINE#         160
  C:2A4DH         LINE#         163
  C:2A4FH         LINE#         164
  C:2A51H         LINE#         165
  C:2A67H         LINE#         166
  C:2A6FH         LINE#         167
  C:2A6FH         LINE#         168
  C:2A72H         LINE#         169
  C:2A7BH         LINE#         170
  C:2A88H         LINE#         171
  C:2A96H         LINE#         172
  C:2AA2H         LINE#         173
  C:2AAFH         LINE#         174
  C:2ABCH         LINE#         175
  C:2ACAH         LINE#         177
  C:2AF1H         LINE#         179
  C:2AF1H         LINE#         180
  C:2B1BH         LINE#         181
  C:2B1CH         LINE#         182
  C:2B1CH         LINE#         183
  C:2B1DH         LINE#         184
  C:2B20H         LINE#         185
  C:2B24H         LINE#         186
  C:2B24H         LINE#         187
  C:2B27H         LINE#         188
  C:2B2AH         LINE#         189
  C:2B37H         LINE#         190
  C:2B45H         LINE#         191
  C:2B51H         LINE#         192
  C:2B5EH         LINE#         193
  C:2B6BH         LINE#         194
  C:2B79H         LINE#         195
  C:2B79H         LINE#         196
  -------         ENDPROC       _OLED_CIRCLE
  -------         PROC          _OLED_DRAW_LINE
  D:0006H         SYMBOL        x1
BL51 BANKED LINKER/LOCATER V6.22                                                      02/11/2015  17:34:04  PAGE 12


  D:0005H         SYMBOL        y1
  D:0003H         SYMBOL        x2
  X:0088H         SYMBOL        y2
  X:0089H         SYMBOL        R
  X:008AH         SYMBOL        G
  X:008BH         SYMBOL        B
  C:34E4H         LINE#         198
  C:34E6H         LINE#         199
  C:34E6H         LINE#         200
  C:34EBH         LINE#         201
  C:34EDH         LINE#         202
  C:34F0H         LINE#         203
  C:34F5H         LINE#         204
  C:34FDH         LINE#         205
  C:3505H         LINE#         206
  C:350DH         LINE#         207
  -------         ENDPROC       _OLED_DRAW_LINE
  -------         PROC          _OLED_DRAW_RECTANGLE
  D:0006H         SYMBOL        x1
  D:0005H         SYMBOL        y1
  D:0003H         SYMBOL        x2
  X:0048H         SYMBOL        y2
  X:0049H         SYMBOL        R1
  X:004AH         SYMBOL        G1
  X:004BH         SYMBOL        B1
  X:004CH         SYMBOL        R2
  X:004DH         SYMBOL        G2
  X:004EH         SYMBOL        B2
  C:33EDH         LINE#         211
  C:33EFH         LINE#         212
  C:33EFH         LINE#         213
  C:33F4H         LINE#         214
  C:33F6H         LINE#         215
  C:33F9H         LINE#         216
  C:33FEH         LINE#         217
  C:3406H         LINE#         218
  C:340EH         LINE#         219
  C:3416H         LINE#         220
  C:341EH         LINE#         221
  C:3426H         LINE#         222
  C:342EH         LINE#         223
  -------         ENDPROC       _OLED_DRAW_RECTANGLE
  -------         PROC          _OLED_DRAW_IMG
  D:0006H         SYMBOL        x
  D:0005H         SYMBOL        y
  X:0064H         SYMBOL        x_size
  X:0065H         SYMBOL        y_size
  X:0066H         SYMBOL        image
  -------         DO            
  X:0069H         SYMBOL        i
  -------         ENDDO         
  C:3194H         LINE#         226
  C:319BH         LINE#         227
  C:319BH         LINE#         230
  C:31A0H         LINE#         231
  C:31A5H         LINE#         232
  C:31A9H         LINE#         233
BL51 BANKED LINKER/LOCATER V6.22                                                      02/11/2015  17:34:04  PAGE 13


  C:31A9H         LINE#         234
  C:31ACH         LINE#         235
  C:31B4H         LINE#         236
  C:31DCH         LINE#         237
  C:31DCH         LINE#         238
  C:31F2H         LINE#         239
  C:3202H         LINE#         240
  -------         ENDPROC       _OLED_DRAW_IMG
  -------         PROC          _OLED_PUTSTRING
  D:0006H         SYMBOL        x
  D:0005H         SYMBOL        y
  X:0047H         SYMBOL        colorH
  X:0048H         SYMBOL        colorL
  X:0049H         SYMBOL        text
  -------         DO            
  X:004CH         SYMBOL        i
  -------         ENDDO         
  C:2E7EH         LINE#         242
  C:2E81H         LINE#         243
  C:2E81H         LINE#         246
  C:2E81H         LINE#         247
  C:2E81H         LINE#         248
  C:2E81H         LINE#         249
  C:2E81H         LINE#         250
  C:2E84H         LINE#         251
  C:2E8BH         LINE#         253
  C:2E9EH         LINE#         254
  C:2E9EH         LINE#         255
  C:2EA3H         LINE#         256
  C:2EA3H         LINE#         257
  C:2EA8H         LINE#         258
  C:2EABH         LINE#         259
  C:2EB7H         LINE#         260
  C:2EC6H         LINE#         261
  C:2EC6H         LINE#         262
  C:2F19H         LINE#         263
  C:2F19H         LINE#         264
  C:2F21H         LINE#         265
  C:2F24H         LINE#         266
  C:2F26H         LINE#         268
  C:2F26H         LINE#         269
  C:2F2BH         LINE#         270
  C:2F2EH         LINE#         271
  C:2F2EH         LINE#         272
  C:2F36H         LINE#         273
  C:2F40H         LINE#         274
  C:2F43H         LINE#         275
  -------         ENDPROC       _OLED_PUTSTRING
  -------         PROC          _OLED_WRITE_CHINESE
  D:0006H         SYMBOL        x
  D:0005H         SYMBOL        y
  X:006DH         SYMBOL        num
  X:006EH         SYMBOL        buff
  -------         DO            
  X:0071H         SYMBOL        j
  X:0072H         SYMBOL        i
  -------         ENDDO         
BL51 BANKED LINKER/LOCATER V6.22                                                      02/11/2015  17:34:04  PAGE 14


  C:2F44H         LINE#         277
  C:2F47H         LINE#         278
  C:2F47H         LINE#         281
  C:2F47H         LINE#         282
  C:2F47H         LINE#         283
  C:2F47H         LINE#         284
  C:2F47H         LINE#         285
  C:2F4AH         LINE#         286
  C:2F51H         LINE#         288
  C:2F66H         LINE#         289
  C:2F66H         LINE#         290
  C:2F6BH         LINE#         291
  C:2F6BH         LINE#         292
  C:2FC0H         LINE#         293
  C:2FC0H         LINE#         294
  C:2FC5H         LINE#         295
  C:2FC7H         LINE#         296
  C:2FC9H         LINE#         298
  C:2FC9H         LINE#         299
  C:2FCEH         LINE#         300
  C:2FD1H         LINE#         301
  C:2FD1H         LINE#         302
  C:2FE8H         LINE#         303
  C:2FF1H         LINE#         304
  -------         ENDPROC       _OLED_WRITE_CHINESE
  -------         ENDMOD        SSD1332

  -------         MODULE        IIC
  C:0000H         SYMBOL        _ICE_DUMMY_
  D:0080H         PUBLIC        P0
  D:0090H         PUBLIC        P1
  D:00A0H         PUBLIC        P2
  D:00B0H         PUBLIC        P3
  D:00C0H         PUBLIC        P4
  D:00C8H         PUBLIC        P5
  D:00A8H         PUBLIC        IE
  C:3621H         PUBLIC        IIC_NAck
  D:00B8H         PUBLIC        IP
  D:00D8H         PUBLIC        CCON
  C:33A1H         PUBLIC        IIC_Read_Byte
  D:0098H         PUBLIC        SCON
  D:0088H         PUBLIC        TCON
  C:3436H         PUBLIC        _IIC_Write_Byte
  C:3606H         PUBLIC        IIC_Ack
  C:359BH         PUBLIC        IIC_Start
  C:3515H         PUBLIC        IIC_Get_Ack
  B:00A0H.3       PUBLIC        SDA
  C:35BFH         PUBLIC        IIC_Stop
  B:00A0H.4       PUBLIC        SCL
  D:00D0H         PUBLIC        PSW
  -------         PROC          IIC_START
  C:359BH         LINE#         14
  C:359BH         LINE#         15
  C:359BH         LINE#         16
  C:359DH         LINE#         17
  C:35A4H         LINE#         18
  C:35A6H         LINE#         19
BL51 BANKED LINKER/LOCATER V6.22                                                      02/11/2015  17:34:04  PAGE 15


  C:35ADH         LINE#         20
  C:35AFH         LINE#         21
  C:35B6H         LINE#         22
  C:35B8H         LINE#         23
  -------         ENDPROC       IIC_START
  -------         PROC          IIC_STOP
  C:35BFH         LINE#         35
  C:35BFH         LINE#         36
  C:35BFH         LINE#         37
  C:35C1H         LINE#         38
  C:35C8H         LINE#         39
  C:35CAH         LINE#         40
  C:35D1H         LINE#         41
  C:35D3H         LINE#         42
  C:35DAH         LINE#         43
  C:35DCH         LINE#         44
  -------         ENDPROC       IIC_STOP
  -------         PROC          IIC_ACK
  C:3606H         LINE#         57
  C:3606H         LINE#         58
  C:3606H         LINE#         59
  C:3608H         LINE#         60
  C:360FH         LINE#         61
  C:3611H         LINE#         62
  C:3618H         LINE#         63
  C:361AH         LINE#         64
  -------         ENDPROC       IIC_ACK
  -------         PROC          IIC_NACK
  C:3621H         LINE#         77
  C:3621H         LINE#         78
  C:3621H         LINE#         79
  C:3623H         LINE#         80
  C:362AH         LINE#         81
  C:362CH         LINE#         82
  C:3633H         LINE#         83
  C:3635H         LINE#         84
  -------         ENDPROC       IIC_NACK
  -------         PROC          IIC_GET_ACK
  -------         DO            
  X:0055H         SYMBOL        Error
  -------         ENDDO         
  C:3515H         LINE#         97
  C:3515H         LINE#         98
  C:3515H         LINE#         100
  C:3517H         LINE#         101
  C:351EH         LINE#         102
  C:3520H         LINE#         103
  C:3527H         LINE#         104
  C:352FH         LINE#         105
  C:3536H         LINE#         106
  C:3538H         LINE#         107
  C:353FH         LINE#         108
  C:3544H         LINE#         109
  -------         ENDPROC       IIC_GET_ACK
  -------         PROC          _IIC_WRITE_BYTE
  X:0053H         SYMBOL        dat
  -------         DO            
BL51 BANKED LINKER/LOCATER V6.22                                                      02/11/2015  17:34:04  PAGE 16


  X:0054H         SYMBOL        i
  -------         ENDDO         
  C:3436H         LINE#         120
  C:343BH         LINE#         121
  C:343BH         LINE#         123
  C:3448H         LINE#         124
  C:3448H         LINE#         125
  C:3459H         LINE#         126
  C:345BH         LINE#         127
  C:3462H         LINE#         128
  C:3464H         LINE#         129
  C:346BH         LINE#         130
  C:3473H         LINE#         131
  C:3476H         LINE#         132
  -------         ENDPROC       _IIC_WRITE_BYTE
  -------         PROC          IIC_READ_BYTE
  -------         DO            
  X:0053H         SYMBOL        i
  X:0054H         SYMBOL        rbyte
  -------         ENDDO         
  C:33A1H         LINE#         143
  C:33A1H         LINE#         144
  C:33A1H         LINE#         145
  C:33A6H         LINE#         146
  C:33A8H         LINE#         147
  C:33ACH         LINE#         148
  C:33ACH         LINE#         149
  C:33AEH         LINE#         150
  C:33B5H         LINE#         151
  C:33D2H         LINE#         152
  C:33D4H         LINE#         153
  C:33DBH         LINE#         154
  C:33E7H         LINE#         155
  C:33ECH         LINE#         156
  -------         ENDPROC       IIC_READ_BYTE
  -------         ENDMOD        IIC

  -------         MODULE        MYFUN
  C:0000H         SYMBOL        _ICE_DUMMY_
  C:3707H         PUBLIC        _delay
  C:2DA8H         PUBLIC        _strtou32
  C:2CA7H         PUBLIC        _u32tostr
  -------         PROC          _DELAY
  D:0006H         SYMBOL        time
  C:3707H         LINE#         14
  C:3707H         LINE#         15
  C:3707H         LINE#         16
  C:3711H         LINE#         17
  -------         ENDPROC       _DELAY
  -------         PROC          _U32TOSTR
  X:0000H         SYMBOL        dat
  X:0004H         SYMBOL        str
  -------         DO            
  X:0007H         SYMBOL        temp
  X:001BH         SYMBOL        i
  X:001CH         SYMBOL        j
  -------         ENDDO         
BL51 BANKED LINKER/LOCATER V6.22                                                      02/11/2015  17:34:04  PAGE 17


  C:2CA7H         LINE#         28
  C:2CB8H         LINE#         29
  C:2CB8H         LINE#         31
  C:2CBFH         LINE#         32
  C:2CC3H         LINE#         33
  C:2CD7H         LINE#         34
  C:2CD7H         LINE#         35
  C:2CFAH         LINE#         36
  C:2D00H         LINE#         37
  C:2D1DH         LINE#         38
  C:2D1FH         LINE#         39
  C:2D25H         LINE#         40
  C:2D38H         LINE#         41
  C:2D38H         LINE#         42
  C:2D66H         LINE#         43
  C:2D6EH         LINE#         44
  C:2D90H         LINE#         45
  -------         ENDPROC       _U32TOSTR
  -------         PROC          _STRTOU32
  X:0056H         SYMBOL        str
  -------         DO            
  X:0059H         SYMBOL        temp
  X:005DH         SYMBOL        fact
  D:0007H         SYMBOL        len
  X:0061H         SYMBOL        i
  -------         ENDDO         
  C:2DA8H         LINE#         56
  C:2DB3H         LINE#         57
  C:2DB3H         LINE#         58
  C:2DBBH         LINE#         59
  C:2DC5H         LINE#         60
  C:2DC8H         LINE#         62
  C:2DD9H         LINE#         63
  C:2DD9H         LINE#         64
  C:2E49H         LINE#         65
  C:2E66H         LINE#         66
  C:2E6FH         LINE#         67
  C:2E7DH         LINE#         68
  -------         ENDPROC       _STRTOU32
  -------         ENDMOD        MYFUN

  -------         MODULE        PCF8563
  C:0000H         SYMBOL        _ICE_DUMMY_
  D:0080H         PUBLIC        P0
  D:0090H         PUBLIC        P1
  D:00A0H         PUBLIC        P2
  D:00B0H         PUBLIC        P3
  D:00C0H         PUBLIC        P4
  D:00C8H         PUBLIC        P5
  C:3203H         PUBLIC        _PCF8563_Write_Bytes
  D:00A8H         PUBLIC        IE
  C:36EBH         PUBLIC        P8563_Set_DownCounter
  D:00B8H         PUBLIC        IP
  C:3694H         PUBLIC        _Val2BCD
  C:36DCH         PUBLIC        _BCD2Val
  D:00D8H         PUBLIC        CCON
  C:34B0H         PUBLIC        P8563_Set_Time
BL51 BANKED LINKER/LOCATER V6.22                                                      02/11/2015  17:34:04  PAGE 18


  X:0074H         PUBLIC        time
  D:0098H         PUBLIC        SCON
  D:0088H         PUBLIC        TCON
  C:36F9H         PUBLIC        P8563_Read_DownCounter
  X:007BH         PUBLIC        dcounter
  C:3117H         PUBLIC        P8563_Read_Time
  C:2FF2H         PUBLIC        _PCF8563_Read_Bytes
  D:00D0H         PUBLIC        PSW
  -------         PROC          _PCF8563_WRITE_BYTES
  X:004CH         SYMBOL        addr
  X:004DH         SYMBOL        length
  X:004EH         SYMBOL        pbuf
  -------         DO            
  X:0051H         SYMBOL        i
  -------         ENDDO         
  C:3203H         LINE#         18
  C:3214H         LINE#         19
  C:3214H         LINE#         20
  C:3217H         LINE#         21
  C:321AH         LINE#         22
  C:3225H         LINE#         23
  C:3233H         LINE#         24
  C:3246H         LINE#         25
  C:3246H         LINE#         26
  C:3263H         LINE#         27
  C:326BH         LINE#         28
  C:326EH         LINE#         29
  C:3270H         LINE#         30
  -------         ENDPROC       _PCF8563_WRITE_BYTES
  -------         PROC          _PCF8563_READ_BYTES
  X:004CH         SYMBOL        addr
  X:004DH         SYMBOL        length
  X:004EH         SYMBOL        pbuf
  -------         DO            
  X:0051H         SYMBOL        i
  X:0052H         SYMBOL        err
  -------         ENDDO         
  C:2FF2H         LINE#         43
  C:3003H         LINE#         44
  C:3003H         LINE#         45
  C:3008H         LINE#         46
  C:300BH         LINE#         47
  C:3016H         LINE#         48
  C:3024H         LINE#         50
  C:3027H         LINE#         51
  C:3032H         LINE#         52
  C:3045H         LINE#         53
  C:3045H         LINE#         54
  C:305EH         LINE#         55
  C:3061H         LINE#         56
  C:3069H         LINE#         57
  C:3082H         LINE#         58
  C:3085H         LINE#         59
  C:3088H         LINE#         60
  C:308AH         LINE#         61
  -------         ENDPROC       _PCF8563_READ_BYTES
  -------         PROC          _BCD2VAL
BL51 BANKED LINKER/LOCATER V6.22                                                      02/11/2015  17:34:04  PAGE 19


  D:0007H         SYMBOL        x
  C:36DCH         LINE#         72
  C:36DCH         LINE#         73
  C:36DCH         LINE#         74
  C:36EAH         LINE#         75
  -------         ENDPROC       _BCD2VAL
  -------         PROC          _VAL2BCD
  D:0007H         SYMBOL        x
  C:3694H         LINE#         86
  C:3694H         LINE#         87
  C:3694H         LINE#         88
  C:36A6H         LINE#         89
  -------         ENDPROC       _VAL2BCD
  -------         PROC          P8563_READ_TIME
  -------         DO            
  X:0045H         SYMBOL        temp
  -------         ENDDO         
  C:3117H         LINE#         100
  C:3117H         LINE#         101
  C:3117H         LINE#         103
  C:3127H         LINE#         104
  C:3127H         LINE#         107
  C:3136H         LINE#         108
  C:3145H         LINE#         109
  C:3154H         LINE#         110
  C:3163H         LINE#         111
  C:3172H         LINE#         112
  C:3181H         LINE#         113
  C:318EH         LINE#         114
  C:3191H         LINE#         115
  C:3191H         LINE#         117
  C:3193H         LINE#         118
  -------         ENDPROC       P8563_READ_TIME
  -------         PROC          P8563_SET_TIME
  -------         DO            
  X:0045H         SYMBOL        temp
  D:0005H         SYMBOL        i
  -------         ENDDO         
  C:34B0H         LINE#         130
  C:34B0H         LINE#         131
  C:34B0H         LINE#         134
  C:34B2H         LINE#         135
  C:34B2H         LINE#         136
  C:34D1H         LINE#         137
  C:34D6H         LINE#         138
  C:34E3H         LINE#         139
  -------         ENDPROC       P8563_SET_TIME
  -------         PROC          P8563_SET_DOWNCOUNTER
  C:36EBH         LINE#         151
  C:36EBH         LINE#         152
  C:36EBH         LINE#         153
  C:36F8H         LINE#         154
  -------         ENDPROC       P8563_SET_DOWNCOUNTER
  -------         PROC          P8563_READ_DOWNCOUNTER
  C:36F9H         LINE#         165
  C:36F9H         LINE#         166
  C:36F9H         LINE#         167
BL51 BANKED LINKER/LOCATER V6.22                                                      02/11/2015  17:34:04  PAGE 20


  C:3706H         LINE#         168
  -------         ENDPROC       P8563_READ_DOWNCOUNTER
  -------         ENDMOD        PCF8563

  -------         MODULE        UART
  C:0000H         SYMBOL        _ICE_DUMMY_
  D:0080H         PUBLIC        P0
  D:0090H         PUBLIC        P1
  D:00A0H         PUBLIC        P2
  D:00B0H         PUBLIC        P3
  D:00C0H         PUBLIC        P4
  D:00C8H         PUBLIC        P5
  C:371CH         PUBLIC        UART_Send_Enter
  D:00A8H         PUBLIC        IE
  B:00A8H.4       PUBLIC        ES
  D:00B8H         PUBLIC        IP
  B:0098H.1       PUBLIC        TI
  C:3712H         PUBLIC        _UART_Send_Byte
  D:00D8H         PUBLIC        CCON
  D:0099H         PUBLIC        SBUF
  D:0087H         PUBLIC        PCON
  C:36A7H         PUBLIC        UART_Init
  D:0098H         PUBLIC        SCON
  D:0089H         PUBLIC        TMOD
  D:0088H         PUBLIC        TCON
  C:3271H         PUBLIC        _UART_Send_Str
  D:008DH         PUBLIC        TH1
  D:008BH         PUBLIC        TL1
  C:35E3H         PUBLIC        _UART_Put_Inf
  B:0088H.6       PUBLIC        TR1
  C:36B9H         PUBLIC        _UART_Put_Num
  C:372FH         PUBLIC        sio_int
  D:00D0H         PUBLIC        PSW
  -------         PROC          UART_INIT
  C:36A7H         LINE#         14
  C:36A7H         LINE#         15
  C:36A7H         LINE#         16
  C:36AAH         LINE#         17
  C:36ADH         LINE#         18
  C:36B3H         LINE#         19
  C:36B6H         LINE#         20
  C:36B8H         LINE#         23
  -------         ENDPROC       UART_INIT
  -------         PROC          SIO_INT
  C:372FH         LINE#         33
  C:372FH         LINE#         35
  C:3731H         LINE#         38
  C:3733H         LINE#         39
  -------         ENDPROC       SIO_INT
  -------         PROC          _UART_SEND_BYTE
  D:0007H         SYMBOL        mydata
  C:3712H         LINE#         50
  C:3712H         LINE#         51
  C:3712H         LINE#         52
  C:3714H         LINE#         53
  C:3716H         LINE#         54
  C:3719H         LINE#         55
BL51 BANKED LINKER/LOCATER V6.22                                                      02/11/2015  17:34:04  PAGE 21


  C:371BH         LINE#         56
  -------         ENDPROC       _UART_SEND_BYTE
  -------         PROC          UART_SEND_ENTER
  C:371CH         LINE#         67
  C:371CH         LINE#         68
  C:371CH         LINE#         69
  C:3721H         LINE#         70
  -------         ENDPROC       UART_SEND_ENTER
  -------         PROC          _UART_SEND_STR
  X:0091H         SYMBOL        s
  -------         DO            
  X:0094H         SYMBOL        len
  D:0004H         SYMBOL        i
  -------         ENDDO         
  C:3271H         LINE#         82
  C:327CH         LINE#         83
  C:327CH         LINE#         84
  C:328DH         LINE#         86
  C:32A3H         LINE#         87
  C:32C0H         LINE#         88
  C:32D6H         LINE#         89
  C:32D6H         LINE#         90
  C:32D9H         LINE#         91
  C:32D9H         LINE#         93
  C:32D9H         LINE#         94
  C:32DEH         LINE#         95
  C:32DEH         LINE#         96
  -------         ENDPROC       _UART_SEND_STR
  -------         PROC          _UART_PUT_NUM
  D:0004H         SYMBOL        dat
  -------         DO            
  X:0031H         SYMBOL        temp
  -------         ENDDO         
  C:36B9H         LINE#         107
  C:36B9H         LINE#         108
  C:36B9H         LINE#         110
  C:36C2H         LINE#         111
  -------         ENDPROC       _UART_PUT_NUM
  -------         PROC          _UART_PUT_INF
  D:0001H         SYMBOL        inf
  X:0096H         SYMBOL        dat
  C:35E3H         LINE#         123
  C:35E9H         LINE#         124
  C:35E9H         LINE#         125
  C:35ECH         LINE#         126
  C:35FDH         LINE#         127
  -------         ENDPROC       _UART_PUT_INF
  -------         ENDMOD        UART

  -------         MODULE        PWM_SOFT
  C:0000H         SYMBOL        _ICE_DUMMY_
  D:0080H         PUBLIC        P0
  D:0090H         PUBLIC        P1
  D:00A0H         PUBLIC        P2
  D:00B0H         PUBLIC        P3
  D:00C0H         PUBLIC        P4
  C:32DFH         PUBLIC        timer0_isr
BL51 BANKED LINKER/LOCATER V6.22                                                      02/11/2015  17:34:04  PAGE 22


  D:00C8H         PUBLIC        P5
  B:00A8H.7       PUBLIC        EA
  X:009AH         PUBLIC        PWM_DUTY_COUNT
  D:00A8H         PUBLIC        IE
  B:0090H.4       PUBLIC        PWM_B
  D:00B8H         PUBLIC        IP
  B:0090H.2       PUBLIC        PWM_G
  D:00D8H         PUBLIC        CCON
  B:0090H.3       PUBLIC        PWM_R
  D:0098H         PUBLIC        SCON
  D:0089H         PUBLIC        TMOD
  D:0088H         PUBLIC        TCON
  X:009BH         PUBLIC        PWM_DUTY_B
  X:009CH         PUBLIC        PWM_DUTY_G
  B:00A8H.1       PUBLIC        ET0
  D:008CH         PUBLIC        TH0
  X:009DH         PUBLIC        PWM_DUTY_R
  D:008AH         PUBLIC        TL0
  B:0088H.4       PUBLIC        TR0
  C:3655H         PUBLIC        timer0_init
  D:00D0H         PUBLIC        PSW
  -------         PROC          TIMER0_INIT
  C:3655H         LINE#         12
  C:3655H         LINE#         13
  C:3655H         LINE#         15
  C:3658H         LINE#         16
  C:365BH         LINE#         17
  C:365EH         LINE#         18
  C:3660H         LINE#         19
  C:3662H         LINE#         20
  C:3664H         LINE#         21
  C:3666H         LINE#         22
  C:3668H         LINE#         23
  C:366AH         LINE#         25
  -------         ENDPROC       TIMER0_INIT
  -------         PROC          TIMER0_ISR
  C:32DFH         LINE#         29
  C:32EEH         LINE#         33
  C:32F7H         LINE#         34
  C:32F7H         LINE#         35
  C:32F9H         LINE#         37
  C:3301H         LINE#         38
  C:3309H         LINE#         39
  C:3311H         LINE#         40
  C:3311H         LINE#         41
  C:3321H         LINE#         42
  C:332DH         LINE#         43
  C:333CH         LINE#         45
  -------         ENDPROC       TIMER0_ISR
  -------         ENDMOD        PWM_SOFT

  -------         MODULE        ?C?CLDPTR
  C:286DH         PUBLIC        ?C?CLDPTR
  -------         ENDMOD        ?C?CLDPTR

  -------         MODULE        ?C?CLDOPTR
  C:2886H         PUBLIC        ?C?CLDOPTR
BL51 BANKED LINKER/LOCATER V6.22                                                      02/11/2015  17:34:04  PAGE 23


  -------         ENDMOD        ?C?CLDOPTR

  -------         MODULE        ?C?CSTOPTR
  C:28B3H         PUBLIC        ?C?CSTOPTR
  -------         ENDMOD        ?C?CSTOPTR

  -------         MODULE        ?C?IILDX
  C:28D5H         PUBLIC        ?C?IILDX
  -------         ENDMOD        ?C?IILDX

  -------         MODULE        ?C?LMUL
  C:28EBH         PUBLIC        ?C?LMUL
  -------         ENDMOD        ?C?LMUL

  -------         MODULE        ?C?ULDIV
  C:2976H         PUBLIC        ?C?ULDIV
  -------         ENDMOD        ?C?ULDIV

  -------         MODULE        ?C?LSTXDATA
  C:2A08H         PUBLIC        ?C?LSTXDATA
  -------         ENDMOD        ?C?LSTXDATA

  -------         MODULE        ?C?LSTKXDATA
  C:2A14H         PUBLIC        ?C?LSTKXDATA
  -------         ENDMOD        ?C?LSTKXDATA

  -------         MODULE        STRLEN
  C:366BH         PUBLIC        _STRLEN
  -------         ENDMOD        STRLEN

*** WARNING L16: UNCALLED SEGMENT, IGNORED FOR OVERLAY PROCESS
    SEGMENT: ?PR?_DELAY_NUS?DELAY

*** WARNING L16: UNCALLED SEGMENT, IGNORED FOR OVERLAY PROCESS
    SEGMENT: ?PR?_OLED_CIRCLE?SSD1332

*** WARNING L16: UNCALLED SEGMENT, IGNORED FOR OVERLAY PROCESS
    SEGMENT: ?PR?_OLED_DRAW_LINE?SSD1332

*** WARNING L16: UNCALLED SEGMENT, IGNORED FOR OVERLAY PROCESS
    SEGMENT: ?PR?_OLED_DRAW_IMG?SSD1332

*** WARNING L16: UNCALLED SEGMENT, IGNORED FOR OVERLAY PROCESS
    SEGMENT: ?PR?_OLED_WRITE_CHINESE?SSD1332

*** WARNING L16: UNCALLED SEGMENT, IGNORED FOR OVERLAY PROCESS
    SEGMENT: ?PR?_STRTOU32?MYFUN

*** WARNING L16: UNCALLED SEGMENT, IGNORED FOR OVERLAY PROCESS
    SEGMENT: ?PR?P8563_SET_DOWNCOUNTER?PCF8563

*** WARNING L16: UNCALLED SEGMENT, IGNORED FOR OVERLAY PROCESS
    SEGMENT: ?PR?P8563_READ_DOWNCOUNTER?PCF8563

*** WARNING L16: UNCALLED SEGMENT, IGNORED FOR OVERLAY PROCESS
    SEGMENT: ?PR?_UART_PUT_INF?UART

BL51 BANKED LINKER/LOCATER V6.22                                                      02/11/2015  17:34:04  PAGE 24


Program Size: data=9.0 xdata=158 code=14133
LINK/LOCATE RUN COMPLETE.  9 WARNING(S),  0 ERROR(S)
